2026-08-18 15:02:07 INFO  BaseTest - Starting browser
2026-08-18 15:03:08 INFO  BaseTest - Browser started successfully
2026-08-18 15:03:23 INFO  BaseTest - Test PASSED: validLoginTest
2026-08-18 15:03:23 INFO  BaseTest - Closing browser
2026-08-18 15:03:38 INFO  BaseTest - Browser closed
2026-08-18 15:41:28 INFO  BaseTest - Starting browser
2026-08-18 15:41:37 INFO  BaseTest - Browser started successfully
2026-08-18 15:41:54 INFO  BaseTest - Test PASSED: invalidLoginTest
2026-08-18 15:41:54 INFO  BaseTest - Closing browser
2026-08-18 15:42:08 INFO  BaseTest - Browser closed
2026-08-21 13:08:26 INFO  BaseTest - Starting browser
2026-08-21 13:09:32 INFO  BaseTest - Browser started successfully
2026-08-21 13:09:50 INFO  BaseTest - Test PASSED: invalidLoginTest
2026-08-21 13:09:50 INFO  BaseTest - Closing browser
2026-08-21 13:10:00 INFO  BaseTest - Browser closed
2026-08-21 13:15:58 INFO  BaseTest - Starting browser
2026-08-21 13:16:06 INFO  BaseTest - Browser started successfully
2026-08-21 13:16:24 INFO  BaseTest - Test PASSED: validLoginTest
2026-08-21 13:16:24 INFO  BaseTest - Closing browser
2026-08-21 13:16:37 INFO  BaseTest - Browser closed
2026-08-21 13:16:37 INFO  BaseTest - Starting browser
2026-08-21 13:16:42 INFO  BaseTest - Browser started successfully
2026-08-21 13:17:25 INFO  BaseTest - Test PASSED: validLogoutTest
2026-08-21 13:17:25 INFO  BaseTest - Closing browser
2026-08-21 13:17:25 INFO  BaseTest - Browser closed
2026-08-21 13:17:25 INFO  BaseTest - Starting browser
2026-08-21 13:17:31 INFO  BaseTest - Browser started successfully
2026-08-21 13:17:50 INFO  BaseTest - Test PASSED: invalidLoginTest
2026-08-21 13:17:50 INFO  BaseTest - Closing browser
2026-08-21 13:18:02 INFO  BaseTest - Browser closed
2026-08-21 13:27:47 INFO  BaseTest - Starting browser
2026-08-21 13:27:54 INFO  BaseTest - Browser started successfully
2026-08-21 13:28:34 INFO  BaseTest - Test PASSED: navigateToPIMTest
2026-08-21 13:28:34 INFO  BaseTest - Closing browser
2026-08-21 13:28:34 INFO  BaseTest - Browser closed
2026-08-21 13:35:36 INFO  BaseTest - Starting browser
2026-08-21 13:35:45 INFO  BaseTest - Browser started successfully
2026-08-21 13:36:52 INFO  BaseTest - Test PASSED: addEmployeeTest
2026-08-21 13:36:52 INFO  BaseTest - Closing browser
2026-08-21 13:36:52 INFO  BaseTest - Browser closed
2026-08-25 13:28:20 INFO  BaseTest - Starting browser
2026-08-25 13:29:21 INFO  BaseTest - Browser started successfully
2026-08-25 13:30:13 INFO  BaseTest - Test PASSED: searchEmployeeTest
2026-08-25 13:30:13 INFO  BaseTest - Closing browser
2026-08-25 13:30:13 INFO  BaseTest - Browser closed
2026-08-25 13:41:58 INFO  BaseTest - Starting browser
2026-08-25 13:42:06 INFO  BaseTest - Browser started successfully
2026-08-25 13:43:17 ERROR BaseTest - Test FAILED: editEmployeeTest
2026-08-25 13:43:18 INFO  BaseTest - Closing browser
2026-08-25 13:43:18 INFO  BaseTest - Browser closed
2026-08-26 15:11:52 INFO  BaseTest - Starting browser
2026-08-26 15:12:03 INFO  BaseTest - Browser started successfully
2026-08-26 15:13:16 ERROR BaseTest - Test FAILED: deleteEmployeeTest
2026-08-26 15:13:17 INFO  BaseTest - Closing browser
2026-08-26 15:13:17 INFO  BaseTest - Browser closed
2026-08-26 15:24:26 INFO  BaseTest - Starting browser
2026-08-26 15:24:36 INFO  BaseTest - Browser started successfully
2026-08-26 15:25:49 ERROR BaseTest - Test FAILED: deleteEmployeeTest
2026-08-26 15:25:49 INFO  BaseTest - Closing browser
2026-08-26 15:25:50 INFO  BaseTest - Browser closed
2026-08-26 15:36:16 INFO  BaseTest - Starting browser
2026-08-26 15:36:26 INFO  BaseTest - Browser started successfully
2026-08-26 15:37:49 ERROR BaseTest - Test FAILED: deleteEmployeeTest
2026-08-26 15:37:49 INFO  BaseTest - Closing browser
2026-08-26 15:37:49 INFO  BaseTest - Browser closed
2026-08-26 16:26:06 INFO  BaseTest - Starting browser
2026-08-26 16:26:16 INFO  BaseTest - Browser started successfully
2026-08-26 16:27:40 ERROR BaseTest - Test FAILED: deleteEmployeeTest
2026-08-26 16:27:40 INFO  BaseTest - Closing browser
2026-08-26 16:27:40 INFO  BaseTest - Browser closed
2026-08-26 16:53:57 INFO  BaseTest - Starting browser
2026-08-26 16:54:07 INFO  BaseTest - Browser started successfully
2026-08-26 16:55:15 ERROR BaseTest - Test FAILED: deleteEmployeeTest
2026-08-26 16:55:16 INFO  BaseTest - Closing browser
2026-08-26 16:55:16 INFO  BaseTest - Browser closed
2026-08-26 17:03:41 INFO  BaseTest - Starting browser
2026-08-26 17:03:50 INFO  BaseTest - Browser started successfully
2026-08-26 17:05:13 ERROR BaseTest - Test FAILED: deleteEmployeeTest
2026-08-26 17:05:14 INFO  BaseTest - Closing browser
2026-08-26 17:05:14 INFO  BaseTest - Browser closed
2026-08-26 17:10:09 INFO  BaseTest - Starting browser
2026-08-26 17:10:18 INFO  BaseTest - Browser started successfully
2026-08-26 17:11:41 ERROR BaseTest - Test FAILED: deleteEmployeeTest
2026-08-26 17:11:41 INFO  BaseTest - Closing browser
2026-08-26 17:11:42 INFO  BaseTest - Browser closed
2026-08-28 13:53:51 INFO  BaseTest - Starting browser
2026-08-28 13:54:56 INFO  BaseTest - Browser started successfully
2026-08-28 13:56:22 ERROR BaseTest - Test FAILED: deleteEmployeeTest
2026-08-28 13:56:22 INFO  BaseTest - Closing browser
2026-08-28 13:56:22 INFO  BaseTest - Browser closed
2026-09-01 15:13:48 INFO  BaseTest - Starting browser
2026-09-01 15:14:54 INFO  BaseTest - Browser started successfully
2026-09-01 15:16:13 ERROR BaseTest - Test FAILED: deleteEmployeeTest
2026-09-01 15:19:49 INFO  BaseTest - Starting browser
2026-09-01 15:19:58 INFO  BaseTest - Browser started successfully
2026-09-01 15:21:28 ERROR BaseTest - Test FAILED: deleteEmployeeTest
2026-09-01 15:21:28 INFO  BaseTest - Closing browser
2026-09-01 15:21:28 INFO  BaseTest - Browser closed
2026-09-01 15:33:11 INFO  BaseTest - Starting browser
2026-09-01 15:33:20 INFO  BaseTest - Browser started successfully
2026-09-01 15:34:49 ERROR BaseTest - Test FAILED: deleteEmployeeTest
2026-09-01 15:34:50 INFO  BaseTest - Closing browser
2026-09-01 15:34:50 INFO  BaseTest - Browser closed
2026-09-01 15:38:19 INFO  BaseTest - Starting browser
2026-09-01 15:38:27 INFO  BaseTest - Browser started successfully
2026-09-01 15:40:00 ERROR BaseTest - Test FAILED: deleteEmployeeTest
2026-09-01 15:40:00 INFO  BaseTest - Closing browser
2026-09-01 15:40:00 INFO  BaseTest - Browser closed
2026-09-01 15:42:10 INFO  BaseTest - Starting browser
2026-09-01 15:42:18 INFO  BaseTest - Browser started successfully
2026-09-01 15:43:47 ERROR BaseTest - Test FAILED: deleteEmployeeTest
2026-09-01 15:43:47 INFO  BaseTest - Closing browser
2026-09-01 15:43:48 INFO  BaseTest - Browser closed
2026-09-08 14:09:36 INFO  BaseTest - Starting browser
2026-09-08 14:10:43 INFO  BaseTest - Browser started successfully
2026-09-08 14:12:16 ERROR BaseTest - Test FAILED: deleteEmployeeTest
2026-09-08 14:12:17 INFO  BaseTest - Closing browser
2026-09-08 14:12:17 INFO  BaseTest - Browser closed
2026-09-08 14:24:50 INFO  BaseTest - Starting browser
2026-09-08 14:24:59 INFO  BaseTest - Browser started successfully
2026-09-08 14:26:28 ERROR BaseTest - Test FAILED: deleteEmployeeTest
2026-09-08 14:26:28 INFO  BaseTest - Closing browser
2026-09-08 14:26:29 INFO  BaseTest - Browser closed
2026-09-08 14:29:11 INFO  BaseTest - Starting browser
2026-09-08 14:29:19 INFO  BaseTest - Browser started successfully
2026-09-08 14:30:48 ERROR BaseTest - Test FAILED: deleteEmployeeTest
2026-09-08 14:30:48 INFO  BaseTest - Closing browser
2026-09-08 14:30:48 INFO  BaseTest - Browser closed
2026-09-08 14:38:52 INFO  BaseTest - Starting browser
2026-09-08 14:39:00 INFO  BaseTest - Browser started successfully
2026-09-08 14:39:42 INFO  BaseTest - Test PASSED: navigateToPIMTest
2026-09-08 14:39:42 INFO  BaseTest - Closing browser
2026-09-08 14:39:42 INFO  BaseTest - Browser closed
2026-09-08 14:44:24 INFO  BaseTest - Starting browser
2026-09-08 14:44:33 INFO  BaseTest - Browser started successfully
2026-09-08 14:45:29 INFO  BaseTest - Test PASSED: searchEmployeeTest
2026-09-08 14:45:29 INFO  BaseTest - Closing browser
2026-09-08 14:45:29 INFO  BaseTest - Browser closed
2026-09-08 14:45:29 INFO  BaseTest - Starting browser
2026-09-08 14:45:37 INFO  BaseTest - Browser started successfully
2026-09-08 14:46:53 ERROR BaseTest - Test FAILED: editEmployeeTest
2026-09-08 14:46:54 INFO  BaseTest - Closing browser
2026-09-08 14:46:54 INFO  BaseTest - Browser closed
2026-09-08 14:46:54 INFO  BaseTest - Starting browser
2026-09-08 14:47:01 INFO  BaseTest - Browser started successfully
2026-09-08 14:47:37 INFO  BaseTest - Test PASSED: navigateToPIMTest
2026-09-08 14:47:37 INFO  BaseTest - Closing browser
2026-09-08 14:47:38 INFO  BaseTest - Browser closed
2026-09-08 14:47:38 INFO  BaseTest - Starting browser
2026-09-08 14:47:43 INFO  BaseTest - Browser started successfully
2026-09-08 14:47:59 INFO  BaseTest - Test PASSED: validLoginTest
2026-09-08 14:47:59 INFO  BaseTest - Closing browser
2026-09-08 14:48:15 INFO  BaseTest - Browser closed
2026-09-08 14:48:15 INFO  BaseTest - Starting browser
2026-09-08 14:48:20 INFO  BaseTest - Browser started successfully
2026-09-08 14:50:00 ERROR BaseTest - Test FAILED: deleteEmployeeTest
2026-09-08 14:50:00 INFO  BaseTest - Closing browser
2026-09-08 14:50:00 INFO  BaseTest - Browser closed
2026-09-08 14:50:00 INFO  BaseTest - Starting browser
2026-09-08 14:50:07 INFO  BaseTest - Browser started successfully
2026-09-08 14:50:48 INFO  BaseTest - Test PASSED: validLogoutTest
2026-09-08 14:50:48 INFO  BaseTest - Closing browser
2026-09-08 14:50:48 INFO  BaseTest - Browser closed
2026-09-08 14:50:48 INFO  BaseTest - Starting browser
2026-09-08 14:50:54 INFO  BaseTest - Browser started successfully
2026-09-08 14:51:53 INFO  BaseTest - Test PASSED: addEmployeeTest
2026-09-08 14:51:53 INFO  BaseTest - Closing browser
2026-09-08 14:51:53 INFO  BaseTest - Browser closed
2026-09-08 14:51:53 INFO  BaseTest - Starting browser
2026-09-08 14:52:00 INFO  BaseTest - Browser started successfully
2026-09-08 14:52:18 INFO  BaseTest - Test PASSED: invalidLoginTest
2026-09-08 14:52:18 INFO  BaseTest - Closing browser
2026-09-08 14:52:33 INFO  BaseTest - Browser closed
2026-09-08 14:54:29 INFO  BaseTest - Starting browser
2026-09-08 14:54:37 INFO  BaseTest - Browser started successfully
2026-09-08 14:55:33 INFO  BaseTest - Test PASSED: searchEmployeeTest
2026-09-08 14:55:33 INFO  BaseTest - Closing browser
2026-09-08 14:55:33 INFO  BaseTest - Browser closed
2026-09-08 14:55:33 INFO  BaseTest - Starting browser
2026-09-08 14:55:39 INFO  BaseTest - Browser started successfully
2026-09-08 14:56:54 ERROR BaseTest - Test FAILED: editEmployeeTest
2026-09-08 14:56:55 INFO  BaseTest - Closing browser
2026-09-08 14:56:55 INFO  BaseTest - Browser closed
2026-09-08 14:56:55 INFO  BaseTest - Starting browser
2026-09-08 14:57:02 INFO  BaseTest - Browser started successfully
2026-09-08 14:57:41 INFO  BaseTest - Test PASSED: navigateToPIMTest
2026-09-08 14:57:41 INFO  BaseTest - Closing browser
2026-09-08 14:57:41 INFO  BaseTest - Browser closed
2026-09-08 14:57:41 INFO  BaseTest - Starting browser
2026-09-08 14:57:47 INFO  BaseTest - Browser started successfully
2026-09-08 14:58:03 INFO  BaseTest - Test PASSED: validLoginTest
2026-09-08 14:58:03 INFO  BaseTest - Closing browser
2026-09-08 14:58:18 INFO  BaseTest - Browser closed
2026-09-08 14:58:18 INFO  BaseTest - Starting browser
2026-09-08 14:58:24 INFO  BaseTest - Browser started successfully
2026-09-08 14:59:56 ERROR BaseTest - Test FAILED: deleteEmployeeTest
2026-09-08 14:59:56 INFO  BaseTest - Closing browser
2026-09-08 14:59:56 INFO  BaseTest - Browser closed
2026-09-08 14:59:56 INFO  BaseTest - Starting browser
2026-09-08 15:00:04 INFO  BaseTest - Browser started successfully
2026-09-08 15:00:41 INFO  BaseTest - Test PASSED: validLogoutTest
2026-09-08 15:00:41 INFO  BaseTest - Closing browser
2026-09-08 15:00:42 INFO  BaseTest - Browser closed
2026-09-08 15:00:42 INFO  BaseTest - Starting browser
2026-09-08 15:00:48 INFO  BaseTest - Browser started successfully
2026-09-08 15:01:46 INFO  BaseTest - Test PASSED: addEmployeeTest
2026-09-08 15:01:46 INFO  BaseTest - Closing browser
2026-09-08 15:01:46 INFO  BaseTest - Browser closed
2026-09-08 15:01:46 INFO  BaseTest - Starting browser
2026-09-08 15:01:54 INFO  BaseTest - Browser started successfully
2026-09-08 15:02:11 INFO  BaseTest - Test PASSED: invalidLoginTest
2026-09-08 15:02:11 INFO  BaseTest - Closing browser
2026-09-08 15:02:24 INFO  BaseTest - Browser closed
2026-09-08 15:08:56 INFO  BaseTest - Starting browser
2026-09-08 15:09:05 INFO  BaseTest - Browser started successfully
2026-09-08 15:10:38 ERROR BaseTest - Test FAILED: editEmployeeTest
2026-09-08 15:10:38 INFO  BaseTest - Closing browser
2026-09-08 15:10:38 INFO  BaseTest - Browser closed
2026-09-08 15:25:13 INFO  BaseTest - Starting browser
2026-09-08 15:25:23 INFO  BaseTest - Browser started successfully
2026-09-08 15:26:51 ERROR BaseTest - Test FAILED: editEmployeeTest
2026-09-08 15:26:52 INFO  BaseTest - Closing browser
2026-09-08 15:26:52 INFO  BaseTest - Browser closed
2026-09-08 15:30:13 INFO  BaseTest - Starting browser
2026-09-08 15:30:22 INFO  BaseTest - Browser started successfully
2026-09-08 15:31:33 INFO  BaseTest - Test PASSED: editEmployeeTest
2026-09-08 15:31:33 INFO  BaseTest - Closing browser
2026-09-08 15:31:33 INFO  BaseTest - Browser closed
2026-09-08 15:33:22 INFO  BaseTest - Starting browser
2026-09-08 15:33:31 INFO  BaseTest - Browser started successfully
2026-09-08 15:34:30 INFO  BaseTest - Test PASSED: searchEmployeeTest
2026-09-08 15:34:30 INFO  BaseTest - Closing browser
2026-09-08 15:34:30 INFO  BaseTest - Browser closed
2026-09-08 15:34:30 INFO  BaseTest - Starting browser
2026-09-08 15:34:38 INFO  BaseTest - Browser started successfully
2026-09-08 15:35:31 ERROR BaseTest - Test FAILED: editEmployeeTest
2026-09-08 15:35:31 INFO  BaseTest - Starting browser
2026-09-08 15:35:40 INFO  BaseTest - Browser started successfully
2026-09-08 15:36:21 INFO  BaseTest - Test PASSED: navigateToPIMTest
2026-09-08 15:36:21 INFO  BaseTest - Closing browser
2026-09-08 15:36:21 INFO  BaseTest - Browser closed
2026-09-08 15:36:21 INFO  BaseTest - Starting browser
2026-09-08 15:36:28 INFO  BaseTest - Browser started successfully
2026-09-08 15:36:46 INFO  BaseTest - Test PASSED: validLoginTest
2026-09-08 15:36:46 INFO  BaseTest - Closing browser
2026-09-08 15:36:59 INFO  BaseTest - Browser closed
2026-09-08 15:36:59 INFO  BaseTest - Starting browser
2026-09-08 15:37:05 INFO  BaseTest - Browser started successfully
2026-09-08 15:38:16 ERROR BaseTest - Test FAILED: deleteEmployeeTest
2026-09-08 15:38:17 INFO  BaseTest - Closing browser
2026-09-08 15:38:17 INFO  BaseTest - Browser closed
2026-09-08 15:38:17 INFO  BaseTest - Starting browser
2026-09-08 15:38:24 INFO  BaseTest - Browser started successfully
2026-09-08 15:39:03 INFO  BaseTest - Test PASSED: validLogoutTest
2026-09-08 15:39:03 INFO  BaseTest - Closing browser
2026-09-08 15:39:04 INFO  BaseTest - Browser closed
2026-09-08 15:39:04 INFO  BaseTest - Starting browser
2026-09-08 15:39:10 INFO  BaseTest - Browser started successfully
2026-09-08 15:40:06 INFO  BaseTest - Test PASSED: addEmployeeTest
2026-09-08 15:40:06 INFO  BaseTest - Closing browser
2026-09-08 15:40:06 INFO  BaseTest - Browser closed
2026-09-08 15:40:06 INFO  BaseTest - Starting browser
2026-09-08 15:40:13 INFO  BaseTest - Browser started successfully
2026-09-08 15:40:32 INFO  BaseTest - Test PASSED: invalidLoginTest
2026-09-08 15:40:32 INFO  BaseTest - Closing browser
2026-09-08 15:41:33 INFO  BaseTest - Browser closed
2026-09-11 11:22:37 INFO  BaseTest - Starting browser
2026-09-11 11:23:39 INFO  BaseTest - Browser started successfully
2026-09-11 11:24:31 INFO  BaseTest - Test PASSED: searchEmployeeTest
2026-09-11 11:24:31 INFO  BaseTest - Closing browser
2026-09-11 11:24:31 INFO  BaseTest - Browser closed
2026-09-11 11:24:32 INFO  BaseTest - Starting browser
2026-09-11 11:24:37 INFO  BaseTest - Browser started successfully
2026-09-11 11:25:49 INFO  BaseTest - Test PASSED: editEmployeeTest
2026-09-11 11:25:49 INFO  BaseTest - Closing browser
2026-09-11 11:25:49 INFO  BaseTest - Browser closed
2026-09-11 11:25:49 INFO  BaseTest - Starting browser
2026-09-11 11:25:55 INFO  BaseTest - Browser started successfully
2026-09-11 11:26:33 INFO  BaseTest - Test PASSED: navigateToPIMTest
2026-09-11 11:26:33 INFO  BaseTest - Closing browser
2026-09-11 11:26:33 INFO  BaseTest - Browser closed
2026-09-11 11:26:33 INFO  BaseTest - Starting browser
2026-09-11 11:26:38 INFO  BaseTest - Browser started successfully
2026-09-11 11:26:54 INFO  BaseTest - Test PASSED: validLoginTest
2026-09-11 11:26:54 INFO  BaseTest - Closing browser
2026-09-11 11:27:11 INFO  BaseTest - Browser closed
2026-09-11 11:27:11 INFO  BaseTest - Starting browser
2026-09-11 11:27:16 INFO  BaseTest - Browser started successfully
2026-09-11 11:28:46 ERROR BaseTest - Test FAILED: deleteEmployeeTest
2026-09-11 11:28:47 INFO  BaseTest - Closing browser
2026-09-11 11:28:47 INFO  BaseTest - Browser closed
2026-09-11 11:28:47 INFO  BaseTest - Starting browser
2026-09-11 11:28:53 INFO  BaseTest - Browser started successfully
2026-09-11 11:29:38 INFO  BaseTest - Test PASSED: validLogoutTest
2026-09-11 11:29:38 INFO  BaseTest - Closing browser
2026-09-11 11:29:38 INFO  BaseTest - Browser closed
2026-09-11 11:29:38 INFO  BaseTest - Starting browser
2026-09-11 11:29:43 INFO  BaseTest - Browser started successfully
2026-09-11 11:30:45 INFO  BaseTest - Test PASSED: addEmployeeTest
2026-09-11 11:30:45 INFO  BaseTest - Closing browser
2026-09-11 11:30:45 INFO  BaseTest - Browser closed
2026-09-11 11:30:45 INFO  BaseTest - Starting browser
2026-09-11 11:30:50 INFO  BaseTest - Browser started successfully
2026-09-11 11:31:08 INFO  BaseTest - Test PASSED: invalidLoginTest
2026-09-11 11:31:08 INFO  BaseTest - Closing browser
2026-09-11 11:31:22 INFO  BaseTest - Browser closed
2026-09-11 11:37:05 INFO  BaseTest - Starting browser
2026-09-11 11:37:13 INFO  BaseTest - Browser started successfully
2026-09-11 11:38:42 ERROR BaseTest - Test FAILED: deleteEmployeeTest
2026-09-11 11:38:42 INFO  BaseTest - Closing browser
2026-09-11 11:38:42 INFO  BaseTest - Browser closed
2026-09-11 11:56:42 INFO  BaseTest - Starting browser
2026-09-11 11:56:51 INFO  BaseTest - Browser started successfully
2026-09-11 11:58:21 ERROR BaseTest - Test FAILED: deleteEmployeeTest
2026-09-11 11:58:22 INFO  BaseTest - Closing browser
2026-09-11 11:58:22 INFO  BaseTest - Browser closed
2026-09-11 12:01:00 INFO  BaseTest - Starting browser
2026-09-11 12:01:08 INFO  BaseTest - Browser started successfully
2026-09-11 12:02:40 ERROR BaseTest - Test FAILED: deleteEmployeeTest
2026-09-11 12:02:40 INFO  BaseTest - Closing browser
2026-09-11 12:02:40 INFO  BaseTest - Browser closed
2026-09-11 12:05:52 INFO  BaseTest - Starting browser
2026-09-11 12:06:00 INFO  BaseTest - Browser started successfully
2026-09-11 12:07:32 ERROR BaseTest - Test FAILED: deleteEmployeeTest
2026-09-11 12:07:32 INFO  BaseTest - Closing browser
2026-09-11 12:07:33 INFO  BaseTest - Browser closed
2026-09-11 12:10:41 INFO  BaseTest - Starting browser
2026-09-11 12:10:51 INFO  BaseTest - Browser started successfully
2026-09-11 12:12:19 ERROR BaseTest - Test FAILED: deleteEmployeeTest
2026-09-11 12:12:19 INFO  BaseTest - Closing browser
2026-09-11 12:12:20 INFO  BaseTest - Browser closed
2026-09-11 12:18:52 INFO  BaseTest - Starting browser
2026-09-11 12:19:01 INFO  BaseTest - Browser started successfully
2026-09-11 12:20:27 ERROR BaseTest - Test FAILED: deleteEmployeeTest
2026-09-11 12:20:27 INFO  BaseTest - Closing browser
2026-09-11 12:20:28 INFO  BaseTest - Browser closed
2026-09-11 12:27:14 INFO  BaseTest - Starting browser
2026-09-11 12:27:23 INFO  BaseTest - Browser started successfully
2026-09-11 12:28:44 ERROR BaseTest - Test FAILED: deleteEmployeeTest
2026-09-11 12:28:44 INFO  BaseTest - Closing browser
2026-09-11 12:28:44 INFO  BaseTest - Browser closed
2026-09-11 12:36:17 INFO  BaseTest - Starting browser
2026-09-11 12:36:26 INFO  BaseTest - Browser started successfully
2026-09-11 12:37:44 ERROR BaseTest - Test FAILED: deleteEmployeeTest
2026-09-11 12:37:44 INFO  BaseTest - Closing browser
2026-09-11 12:37:44 INFO  BaseTest - Browser closed
2026-09-11 12:55:56 INFO  BaseTest - Starting browser
2026-09-11 12:56:05 INFO  BaseTest - Browser started successfully
2026-09-11 12:57:36 ERROR BaseTest - Test FAILED: deleteEmployeeTest
2026-09-11 12:57:36 INFO  BaseTest - Closing browser
2026-09-11 12:57:36 INFO  BaseTest - Browser closed
2026-09-11 13:36:51 INFO  BaseTest - Starting browser
2026-09-11 13:37:01 INFO  BaseTest - Browser started successfully
2026-09-11 13:38:17 ERROR BaseTest - Test FAILED: deleteEmployeeTest
2026-09-11 13:38:17 INFO  BaseTest - Closing browser
2026-09-11 13:38:17 INFO  BaseTest - Browser closed
2026-09-11 13:41:36 INFO  BaseTest - Starting browser
2026-09-11 13:41:45 INFO  BaseTest - Browser started successfully
2026-09-11 13:43:06 INFO  BaseTest - Test PASSED: deleteEmployeeTest
2026-09-11 13:43:06 INFO  BaseTest - Closing browser
2026-09-11 13:43:06 INFO  BaseTest - Browser closed
2026-09-11 13:46:45 INFO  BaseTest - Starting browser
2026-09-11 13:46:53 INFO  BaseTest - Browser started successfully
2026-09-11 13:47:53 INFO  BaseTest - Test PASSED: searchEmployeeTest
2026-09-11 13:47:53 INFO  BaseTest - Closing browser
2026-09-11 13:47:53 INFO  BaseTest - Browser closed
2026-09-11 13:47:53 INFO  BaseTest - Starting browser
2026-09-11 13:48:00 INFO  BaseTest - Browser started successfully
2026-09-11 13:49:34 ERROR BaseTest - Test FAILED: editEmployeeTest
2026-09-11 13:49:34 INFO  BaseTest - Closing browser
2026-09-11 13:49:35 INFO  BaseTest - Browser closed
2026-09-11 13:49:35 INFO  BaseTest - Starting browser
2026-09-11 13:49:42 INFO  BaseTest - Browser started successfully
2026-09-11 13:50:22 INFO  BaseTest - Test PASSED: navigateToPIMTest
2026-09-11 13:50:22 INFO  BaseTest - Closing browser
2026-09-11 13:50:22 INFO  BaseTest - Browser closed
2026-09-11 13:50:22 INFO  BaseTest - Starting browser
2026-09-11 13:50:29 INFO  BaseTest - Browser started successfully
2026-09-11 13:50:43 INFO  BaseTest - Test PASSED: validLoginTest
2026-09-11 13:50:43 INFO  BaseTest - Closing browser
2026-09-11 13:50:59 INFO  BaseTest - Browser closed
2026-09-11 13:50:59 INFO  BaseTest - Starting browser
2026-09-11 13:51:05 INFO  BaseTest - Browser started successfully
2026-09-11 13:52:25 INFO  BaseTest - Test PASSED: deleteEmployeeTest
2026-09-11 13:52:25 INFO  BaseTest - Closing browser
2026-09-11 13:52:26 INFO  BaseTest - Browser closed
2026-09-11 13:52:26 INFO  BaseTest - Starting browser
2026-09-11 13:52:32 INFO  BaseTest - Browser started successfully
2026-09-11 13:53:12 INFO  BaseTest - Test PASSED: validLogoutTest
2026-09-11 13:53:12 INFO  BaseTest - Closing browser
2026-09-11 13:53:13 INFO  BaseTest - Browser closed
2026-09-11 13:53:13 INFO  BaseTest - Starting browser
2026-09-11 13:53:19 INFO  BaseTest - Browser started successfully
2026-09-11 13:54:17 INFO  BaseTest - Test PASSED: addEmployeeTest
2026-09-11 13:54:17 INFO  BaseTest - Closing browser
2026-09-11 13:54:17 INFO  BaseTest - Browser closed
2026-09-11 13:54:17 INFO  BaseTest - Starting browser
2026-09-11 13:54:24 INFO  BaseTest - Browser started successfully
2026-09-11 13:54:42 INFO  BaseTest - Test PASSED: invalidLoginTest
2026-09-11 13:54:42 INFO  BaseTest - Closing browser
2026-09-11 13:54:56 INFO  BaseTest - Browser closed
2026-09-11 14:10:37 INFO  BaseTest - Starting browser
2026-09-11 14:10:46 INFO  BaseTest - Browser started successfully
2026-09-11 14:12:17 ERROR BaseTest - Test FAILED: editEmployeeTest
2026-09-11 14:12:17 INFO  BaseTest - Closing browser
2026-09-11 14:12:17 INFO  BaseTest - Browser closed
2026-09-11 14:19:25 INFO  BaseTest - Starting browser
2026-09-11 14:19:34 INFO  BaseTest - Browser started successfully
2026-09-11 14:20:46 INFO  BaseTest - Test PASSED: editEmployeeTest
2026-09-11 14:20:46 INFO  BaseTest - Closing browser
2026-09-11 14:20:46 INFO  BaseTest - Browser closed
2026-09-11 14:24:42 INFO  BaseTest - Starting browser
2026-09-11 14:24:51 INFO  BaseTest - Browser started successfully
2026-09-11 14:25:49 INFO  BaseTest - Test PASSED: searchEmployeeTest
2026-09-11 14:25:49 INFO  BaseTest - Closing browser
2026-09-11 14:25:49 INFO  BaseTest - Browser closed
2026-09-11 14:25:49 INFO  BaseTest - Starting browser
2026-09-11 14:25:56 INFO  BaseTest - Browser started successfully
2026-09-11 14:27:08 INFO  BaseTest - Test PASSED: editEmployeeTest
2026-09-11 14:27:08 INFO  BaseTest - Closing browser
2026-09-11 14:27:08 INFO  BaseTest - Browser closed
2026-09-11 14:27:08 INFO  BaseTest - Starting browser
2026-09-11 14:27:15 INFO  BaseTest - Browser started successfully
2026-09-11 14:27:50 INFO  BaseTest - Test PASSED: navigateToPIMTest
2026-09-11 14:27:50 INFO  BaseTest - Closing browser
2026-09-11 14:27:50 INFO  BaseTest - Browser closed
2026-09-11 14:27:50 INFO  BaseTest - Starting browser
2026-09-11 14:27:56 INFO  BaseTest - Browser started successfully
2026-09-11 14:28:11 INFO  BaseTest - Test PASSED: validLoginTest
2026-09-11 14:28:11 INFO  BaseTest - Closing browser
2026-09-11 14:28:26 INFO  BaseTest - Browser closed
2026-09-11 14:28:27 INFO  BaseTest - Starting browser
2026-09-11 14:28:32 INFO  BaseTest - Browser started successfully
2026-09-11 14:29:58 INFO  BaseTest - Test PASSED: deleteEmployeeTest
2026-09-11 14:29:58 INFO  BaseTest - Closing browser
2026-09-11 14:29:58 INFO  BaseTest - Browser closed
2026-09-11 14:29:58 INFO  BaseTest - Starting browser
2026-09-11 14:30:06 INFO  BaseTest - Browser started successfully
2026-09-11 14:30:50 INFO  BaseTest - Test PASSED: validLogoutTest
2026-09-11 14:30:50 INFO  BaseTest - Closing browser
2026-09-11 14:30:50 INFO  BaseTest - Browser closed
2026-09-11 14:30:50 INFO  BaseTest - Starting browser
2026-09-11 14:30:58 INFO  BaseTest - Browser started successfully
2026-09-11 14:32:04 INFO  BaseTest - Test PASSED: addEmployeeTest
2026-09-11 14:32:04 INFO  BaseTest - Closing browser
2026-09-11 14:32:04 INFO  BaseTest - Browser closed
2026-09-11 14:32:04 INFO  BaseTest - Starting browser
2026-09-11 14:32:11 INFO  BaseTest - Browser started successfully
2026-09-11 14:32:31 INFO  BaseTest - Test PASSED: invalidLoginTest
2026-09-11 14:32:31 INFO  BaseTest - Closing browser
2026-09-11 14:32:42 INFO  BaseTest - Browser closed
2026-09-11 14:44:07 INFO  BaseTest - Starting browser
2026-09-11 14:44:11 INFO  BaseTest - Browser started successfully
2026-09-11 14:44:20 INFO  BaseTest - Test PASSED: searchEmployeeTest
2026-09-11 14:44:20 INFO  BaseTest - Closing browser
2026-09-11 14:44:20 INFO  BaseTest - Browser closed
2026-09-11 14:44:20 INFO  BaseTest - Starting browser
2026-09-11 14:44:21 INFO  BaseTest - Browser started successfully
2026-09-11 14:44:37 INFO  BaseTest - Test PASSED: editEmployeeTest
2026-09-11 14:44:37 INFO  BaseTest - Closing browser
2026-09-11 14:44:37 INFO  BaseTest - Browser closed
2026-09-11 14:44:37 INFO  BaseTest - Starting browser
2026-09-11 14:44:38 INFO  BaseTest - Browser started successfully
2026-09-11 14:44:42 INFO  BaseTest - Test PASSED: navigateToPIMTest
2026-09-11 14:44:42 INFO  BaseTest - Closing browser
2026-09-11 14:44:42 INFO  BaseTest - Browser closed
2026-09-11 14:44:42 INFO  BaseTest - Starting browser
2026-09-11 14:44:43 INFO  BaseTest - Browser started successfully
2026-09-11 14:44:46 INFO  BaseTest - Test PASSED: validLoginTest
2026-09-11 14:44:46 INFO  BaseTest - Closing browser
2026-09-11 14:44:46 INFO  BaseTest - Browser closed
2026-09-11 14:44:46 INFO  BaseTest - Starting browser
2026-09-11 14:44:47 INFO  BaseTest - Browser started successfully
2026-09-11 14:45:13 INFO  BaseTest - Test PASSED: deleteEmployeeTest
2026-09-11 14:45:13 INFO  BaseTest - Closing browser
2026-09-11 14:45:23 INFO  BaseTest - Browser closed
2026-09-11 14:45:23 INFO  BaseTest - Starting browser
2026-09-11 14:45:25 INFO  BaseTest - Browser started successfully
2026-09-11 14:45:29 INFO  BaseTest - Test PASSED: validLogoutTest
2026-09-11 14:45:29 INFO  BaseTest - Closing browser
2026-09-11 14:45:29 INFO  BaseTest - Browser closed
2026-09-11 14:45:29 INFO  BaseTest - Starting browser
2026-09-11 14:45:30 INFO  BaseTest - Browser started successfully
2026-09-11 14:45:40 INFO  BaseTest - Test PASSED: addEmployeeTest
2026-09-11 14:45:40 INFO  BaseTest - Closing browser
2026-09-11 14:45:40 INFO  BaseTest - Browser closed
2026-09-11 14:45:40 INFO  BaseTest - Starting browser
2026-09-11 14:45:41 INFO  BaseTest - Browser started successfully
2026-09-11 14:45:44 INFO  BaseTest - Test PASSED: invalidLoginTest
2026-09-11 14:45:44 INFO  BaseTest - Closing browser
2026-09-11 14:45:44 INFO  BaseTest - Browser closed
2026-09-11 14:45:44 INFO  BaseTest - Starting browser
2026-09-11 14:45:45 INFO  BaseTest - Browser started successfully
2026-09-11 14:45:46 INFO  BaseTest - Test PASSED: launchBrowser
2026-09-11 14:45:46 INFO  BaseTest - Closing browser
2026-09-11 14:45:46 INFO  BaseTest - Browser closed
2026-09-11 14:54:32 INFO  BaseTest - Starting browser
2026-09-11 14:54:34 INFO  BaseTest - Browser started successfully
2026-09-11 14:54:43 INFO  BaseTest - Test PASSED: searchEmployeeTest
2026-09-11 14:54:43 INFO  BaseTest - Closing browser
2026-09-11 14:54:43 INFO  BaseTest - Browser closed
2026-09-11 14:54:43 INFO  BaseTest - Starting browser
2026-09-11 14:54:44 INFO  BaseTest - Browser started successfully
2026-09-11 14:54:58 INFO  BaseTest - Test PASSED: editEmployeeTest
2026-09-11 14:54:58 INFO  BaseTest - Closing browser
2026-09-11 14:54:58 INFO  BaseTest - Browser closed
2026-09-11 14:54:58 INFO  BaseTest - Starting browser
2026-09-11 14:54:59 INFO  BaseTest - Browser started successfully
2026-09-11 14:55:04 INFO  BaseTest - Test PASSED: navigateToPIMTest
2026-09-11 14:55:04 INFO  BaseTest - Closing browser
2026-09-11 14:55:04 INFO  BaseTest - Browser closed
2026-09-11 14:55:04 INFO  BaseTest - Starting browser
2026-09-11 14:55:05 INFO  BaseTest - Browser started successfully
2026-09-11 14:55:08 INFO  BaseTest - Test PASSED: validLoginTest
2026-09-11 14:55:08 INFO  BaseTest - Closing browser
2026-09-11 14:55:08 INFO  BaseTest - Browser closed
2026-09-11 14:55:08 INFO  BaseTest - Starting browser
2026-09-11 14:55:08 INFO  BaseTest - Browser started successfully
2026-09-11 14:55:34 INFO  BaseTest - Test PASSED: deleteEmployeeTest
2026-09-11 14:55:34 INFO  BaseTest - Closing browser
2026-09-11 14:55:42 INFO  BaseTest - Browser closed
2026-09-11 14:55:42 INFO  BaseTest - Starting browser
2026-09-11 14:55:43 INFO  BaseTest - Browser started successfully
2026-09-11 14:55:48 INFO  BaseTest - Test PASSED: validLogoutTest
2026-09-11 14:55:48 INFO  BaseTest - Closing browser
2026-09-11 14:55:48 INFO  BaseTest - Browser closed
2026-09-11 14:55:48 INFO  BaseTest - Starting browser
2026-09-11 14:55:49 INFO  BaseTest - Browser started successfully
2026-09-11 14:55:59 INFO  BaseTest - Test PASSED: addEmployeeTest
2026-09-11 14:55:59 INFO  BaseTest - Closing browser
2026-09-11 14:55:59 INFO  BaseTest - Browser closed
2026-09-11 14:55:59 INFO  BaseTest - Starting browser
2026-09-11 14:56:00 INFO  BaseTest - Browser started successfully
2026-09-11 14:56:03 INFO  BaseTest - Test PASSED: invalidLoginTest
2026-09-11 14:56:03 INFO  BaseTest - Closing browser
2026-09-11 14:56:03 INFO  BaseTest - Browser closed
2026-09-15 13:06:27 INFO  BaseTest - Starting browser
2026-09-15 13:06:30 INFO  BaseTest - Browser started successfully
2026-09-15 13:06:38 INFO  BaseTest - Test PASSED: searchEmployeeTest
2026-09-15 13:06:38 INFO  BaseTest - Closing browser
2026-09-15 13:06:38 INFO  BaseTest - Browser closed
2026-09-15 13:06:38 INFO  BaseTest - Starting browser
2026-09-15 13:06:39 INFO  BaseTest - Browser started successfully
2026-09-15 13:06:56 INFO  BaseTest - Test PASSED: editEmployeeTest
2026-09-15 13:06:56 INFO  BaseTest - Closing browser
2026-09-15 13:06:56 INFO  BaseTest - Browser closed
2026-09-15 13:06:56 INFO  BaseTest - Starting browser
2026-09-15 13:06:57 INFO  BaseTest - Browser started successfully
2026-09-15 13:07:03 INFO  BaseTest - Test PASSED: navigateToPIMTest
2026-09-15 13:07:03 INFO  BaseTest - Closing browser
2026-09-15 13:07:03 INFO  BaseTest - Browser closed
2026-09-15 13:07:03 INFO  BaseTest - Starting browser
2026-09-15 13:07:04 INFO  BaseTest - Browser started successfully
2026-09-15 13:07:06 INFO  BaseTest - Test PASSED: validLoginTest
2026-09-15 13:07:06 INFO  BaseTest - Closing browser
2026-09-15 13:07:07 INFO  BaseTest - Browser closed
2026-09-15 13:07:07 INFO  BaseTest - Starting browser
2026-09-15 13:07:07 INFO  BaseTest - Browser started successfully
2026-09-15 13:07:21 ERROR BaseTest - Test FAILED: deleteEmployeeTest
2026-09-15 13:07:21 INFO  BaseTest - Closing browser
2026-09-15 13:07:21 INFO  BaseTest - Browser closed
2026-09-15 13:07:21 INFO  BaseTest - Starting browser
2026-09-15 13:07:22 INFO  BaseTest - Browser started successfully
2026-09-15 13:07:27 INFO  BaseTest - Test PASSED: validLogoutTest
2026-09-15 13:07:27 INFO  BaseTest - Closing browser
2026-09-15 13:07:27 INFO  BaseTest - Browser closed
2026-09-15 13:07:27 INFO  BaseTest - Starting browser
2026-09-15 13:07:28 INFO  BaseTest - Browser started successfully
2026-09-15 13:07:55 ERROR BaseTest - Test FAILED: addEmployeeTest
2026-09-15 13:07:55 INFO  BaseTest - Closing browser
2026-09-15 13:08:03 INFO  BaseTest - Browser closed
2026-09-15 13:08:03 INFO  BaseTest - Starting browser
2026-09-15 13:08:04 INFO  BaseTest - Browser started successfully
2026-09-15 13:08:07 INFO  BaseTest - Test PASSED: invalidLoginTest
2026-09-15 13:08:07 INFO  BaseTest - Closing browser
2026-09-15 13:08:07 INFO  BaseTest - Browser closed
2026-09-15 13:52:28 INFO  BaseTest - Starting browser
2026-09-15 13:52:30 INFO  BaseTest - Browser started successfully
2026-09-15 13:52:38 INFO  BaseTest - Test PASSED: searchEmployeeTest
2026-09-15 13:52:38 INFO  BaseTest - Closing browser
2026-09-15 13:52:39 INFO  BaseTest - Browser closed
2026-09-15 13:52:39 INFO  BaseTest - Starting browser
2026-09-15 13:52:39 INFO  BaseTest - Browser started successfully
2026-09-15 13:52:54 INFO  BaseTest - Test PASSED: editEmployeeTest
2026-09-15 13:52:54 INFO  BaseTest - Closing browser
2026-09-15 13:52:54 INFO  BaseTest - Browser closed
2026-09-15 13:52:54 INFO  BaseTest - Starting browser
2026-09-15 13:52:55 INFO  BaseTest - Browser started successfully
2026-09-15 13:53:00 INFO  BaseTest - Test PASSED: navigateToPIMTest
2026-09-15 13:53:00 INFO  BaseTest - Closing browser
2026-09-15 13:53:00 INFO  BaseTest - Browser closed
2026-09-15 13:53:00 INFO  BaseTest - Starting browser
2026-09-15 13:53:01 INFO  BaseTest - Browser started successfully
2026-09-15 13:53:04 INFO  BaseTest - Test PASSED: validLoginTest
2026-09-15 13:53:04 INFO  BaseTest - Closing browser
2026-09-15 13:53:04 INFO  BaseTest - Browser closed
2026-09-15 13:53:04 INFO  BaseTest - Starting browser
2026-09-15 13:53:05 INFO  BaseTest - Browser started successfully
2026-09-15 13:53:31 INFO  BaseTest - Test PASSED: deleteEmployeeTest
2026-09-15 13:53:31 INFO  BaseTest - Closing browser
2026-09-15 13:53:40 INFO  BaseTest - Browser closed
2026-09-15 13:53:40 INFO  BaseTest - Starting browser
2026-09-15 13:53:41 INFO  BaseTest - Browser started successfully
2026-09-15 13:53:46 INFO  BaseTest - Test PASSED: validLogoutTest
2026-09-15 13:53:46 INFO  BaseTest - Closing browser
2026-09-15 13:53:46 INFO  BaseTest - Browser closed
2026-09-15 13:53:46 INFO  BaseTest - Starting browser
2026-09-15 13:53:47 INFO  BaseTest - Browser started successfully
2026-09-15 13:53:57 INFO  BaseTest - Test PASSED: addEmployeeTest
2026-09-15 13:53:57 INFO  BaseTest - Closing browser
2026-09-15 13:53:57 INFO  BaseTest - Browser closed
2026-09-15 13:53:57 INFO  BaseTest - Starting browser
2026-09-15 13:53:58 INFO  BaseTest - Browser started successfully
2026-09-15 13:54:02 INFO  BaseTest - Test PASSED: invalidLoginTest
2026-09-15 13:54:02 INFO  BaseTest - Closing browser
2026-09-15 13:54:02 INFO  BaseTest - Browser closed
2026-09-15 14:13:04 INFO  BaseTest - Starting browser
2026-09-15 14:13:14 INFO  BaseTest - Browser started successfully
2026-09-15 14:13:38 ERROR BaseTest - Test FAILED: invalidLoginTest
2026-09-15 14:13:38 INFO  BaseTest - Closing browser
2026-09-15 14:13:44 INFO  BaseTest - Browser closed
2026-09-15 14:22:56 INFO  BaseTest - Starting browser
2026-09-15 14:23:05 INFO  BaseTest - Browser started successfully
2026-09-15 14:23:28 INFO  BaseTest - Test PASSED: invalidLoginTest
2026-09-15 14:23:28 INFO  BaseTest - Closing browser
2026-09-15 14:23:35 INFO  BaseTest - Browser closed
2026-09-15 14:24:16 INFO  BaseTest - Starting browser
2026-09-15 14:24:19 INFO  BaseTest - Browser started successfully
2026-09-15 14:24:36 ERROR BaseTest - Test FAILED: searchEmployeeTest
2026-09-15 14:24:36 INFO  BaseTest - Closing browser
2026-09-15 14:24:52 INFO  BaseTest - Browser closed
2026-09-15 14:24:52 INFO  BaseTest - Starting browser
2026-09-15 14:24:53 INFO  BaseTest - Browser started successfully
2026-09-15 14:25:09 INFO  BaseTest - Test PASSED: editEmployeeTest
2026-09-15 14:25:09 INFO  BaseTest - Closing browser
2026-09-15 14:25:09 INFO  BaseTest - Browser closed
2026-09-15 14:25:09 INFO  BaseTest - Starting browser
2026-09-15 14:25:10 INFO  BaseTest - Browser started successfully
2026-09-15 14:25:14 INFO  BaseTest - Test PASSED: navigateToPIMTest
2026-09-15 14:25:14 INFO  BaseTest - Closing browser
2026-09-15 14:25:14 INFO  BaseTest - Browser closed
2026-09-15 14:25:14 INFO  BaseTest - Starting browser
2026-09-15 14:25:15 INFO  BaseTest - Browser started successfully
2026-09-15 14:25:18 INFO  BaseTest - Test PASSED: validLoginTest
2026-09-15 14:25:18 INFO  BaseTest - Closing browser
2026-09-15 14:25:18 INFO  BaseTest - Browser closed
2026-09-15 14:25:18 INFO  BaseTest - Starting browser
2026-09-15 14:25:19 INFO  BaseTest - Browser started successfully
2026-09-15 14:25:32 ERROR BaseTest - Test FAILED: deleteEmployeeTest
2026-09-15 14:25:32 INFO  BaseTest - Closing browser
2026-09-15 14:25:32 INFO  BaseTest - Browser closed
2026-09-15 14:25:32 INFO  BaseTest - Starting browser
2026-09-15 14:25:33 INFO  BaseTest - Browser started successfully
2026-09-15 14:25:38 INFO  BaseTest - Test PASSED: validLogoutTest
2026-09-15 14:25:38 INFO  BaseTest - Closing browser
2026-09-15 14:25:38 INFO  BaseTest - Browser closed
2026-09-15 14:25:38 INFO  BaseTest - Starting browser
2026-09-15 14:25:39 INFO  BaseTest - Browser started successfully
2026-09-15 14:25:48 INFO  BaseTest - Test PASSED: addEmployeeTest
2026-09-15 14:25:48 INFO  BaseTest - Closing browser
2026-09-15 14:25:48 INFO  BaseTest - Browser closed
2026-09-15 14:25:48 INFO  BaseTest - Starting browser
2026-09-15 14:25:49 INFO  BaseTest - Browser started successfully
2026-09-15 14:25:53 INFO  BaseTest - Test PASSED: invalidLoginTest
2026-09-15 14:25:53 INFO  BaseTest - Closing browser
2026-09-15 14:25:53 INFO  BaseTest - Browser closed
2026-09-15 14:32:31 INFO  BaseTest - Starting browser
2026-09-15 14:32:40 INFO  BaseTest - Browser started successfully
2026-09-15 14:33:37 INFO  BaseTest - Test PASSED: searchEmployeeTest
2026-09-15 14:33:37 INFO  BaseTest - Closing browser
2026-09-15 14:33:37 INFO  BaseTest - Browser closed
2026-09-15 14:35:58 INFO  BaseTest - Starting browser
2026-09-15 14:36:06 INFO  BaseTest - Browser started successfully
2026-09-15 14:37:27 INFO  BaseTest - Test PASSED: deleteEmployeeTest
2026-09-15 14:37:27 INFO  BaseTest - Closing browser
2026-09-15 14:37:28 INFO  BaseTest - Browser closed
2026-09-15 14:38:47 INFO  BaseTest - Starting browser
2026-09-15 14:38:50 INFO  BaseTest - Browser started successfully
2026-09-15 14:39:10 INFO  BaseTest - Test PASSED: searchEmployeeTest
2026-09-15 14:39:10 INFO  BaseTest - Closing browser
2026-09-15 14:39:26 INFO  BaseTest - Browser closed
2026-09-15 14:39:26 INFO  BaseTest - Starting browser
2026-09-15 14:39:26 INFO  BaseTest - Browser started successfully
2026-09-15 14:39:41 INFO  BaseTest - Test PASSED: editEmployeeTest
2026-09-15 14:39:41 INFO  BaseTest - Closing browser
2026-09-15 14:39:41 INFO  BaseTest - Browser closed
2026-09-15 14:39:41 INFO  BaseTest - Starting browser
2026-09-15 14:39:42 INFO  BaseTest - Browser started successfully
2026-09-15 14:39:46 INFO  BaseTest - Test PASSED: navigateToPIMTest
2026-09-15 14:39:46 INFO  BaseTest - Closing browser
2026-09-15 14:39:46 INFO  BaseTest - Browser closed
2026-09-15 14:39:46 INFO  BaseTest - Starting browser
2026-09-15 14:39:47 INFO  BaseTest - Browser started successfully
2026-09-15 14:39:50 INFO  BaseTest - Test PASSED: validLoginTest
2026-09-15 14:39:50 INFO  BaseTest - Closing browser
2026-09-15 14:39:50 INFO  BaseTest - Browser closed
2026-09-15 14:39:50 INFO  BaseTest - Starting browser
2026-09-15 14:39:51 INFO  BaseTest - Browser started successfully
2026-09-15 14:40:17 INFO  BaseTest - Test PASSED: deleteEmployeeTest
2026-09-15 14:40:17 INFO  BaseTest - Closing browser
2026-09-15 14:40:25 INFO  BaseTest - Browser closed
2026-09-15 14:40:25 INFO  BaseTest - Starting browser
2026-09-15 14:40:27 INFO  BaseTest - Browser started successfully
2026-09-15 14:40:31 INFO  BaseTest - Test PASSED: validLogoutTest
2026-09-15 14:40:31 INFO  BaseTest - Closing browser
2026-09-15 14:40:32 INFO  BaseTest - Browser closed
2026-09-15 14:40:32 INFO  BaseTest - Starting browser
2026-09-15 14:40:33 INFO  BaseTest - Browser started successfully
2026-09-15 14:40:43 INFO  BaseTest - Test PASSED: addEmployeeTest
2026-09-15 14:40:43 INFO  BaseTest - Closing browser
2026-09-15 14:40:43 INFO  BaseTest - Browser closed
2026-09-15 14:40:43 INFO  BaseTest - Starting browser
2026-09-15 14:40:44 INFO  BaseTest - Browser started successfully
2026-09-15 14:40:47 INFO  BaseTest - Test PASSED: invalidLoginTest
2026-09-15 14:40:47 INFO  BaseTest - Closing browser
2026-09-15 14:40:47 INFO  BaseTest - Browser closed
2026-09-15 14:51:19 INFO  BaseTest - Starting browser
2026-09-15 14:51:21 INFO  BaseTest - Browser started successfully
2026-09-15 14:51:29 INFO  BaseTest - Test PASSED: searchEmployeeTest
2026-09-15 14:51:29 INFO  BaseTest - Closing browser
2026-09-15 14:51:29 INFO  BaseTest - Browser closed
2026-09-15 14:51:29 INFO  BaseTest - Starting browser
2026-09-15 14:51:30 INFO  BaseTest - Browser started successfully
2026-09-15 14:51:57 ERROR BaseTest - Test FAILED: editEmployeeTest
2026-09-15 14:51:57 INFO  BaseTest - Closing browser
2026-09-15 14:52:05 INFO  BaseTest - Browser closed
2026-09-15 14:52:05 INFO  BaseTest - Starting browser
2026-09-15 14:52:06 INFO  BaseTest - Browser started successfully
2026-09-15 14:52:10 INFO  BaseTest - Test PASSED: navigateToPIMTest
2026-09-15 14:52:10 INFO  BaseTest - Closing browser
2026-09-15 14:52:11 INFO  BaseTest - Browser closed
2026-09-15 14:52:11 INFO  BaseTest - Starting browser
2026-09-15 14:52:11 INFO  BaseTest - Browser started successfully
2026-09-15 14:52:15 INFO  BaseTest - Test PASSED: validLoginTest
2026-09-15 14:52:15 INFO  BaseTest - Closing browser
2026-09-15 14:52:15 INFO  BaseTest - Browser closed
2026-09-15 14:52:15 INFO  BaseTest - Starting browser
2026-09-15 14:52:16 INFO  BaseTest - Browser started successfully
2026-09-15 14:52:42 INFO  BaseTest - Test PASSED: deleteEmployeeTest
2026-09-15 14:52:42 INFO  BaseTest - Closing browser
2026-09-15 14:52:51 INFO  BaseTest - Browser closed
2026-09-15 14:52:51 INFO  BaseTest - Starting browser
2026-09-15 14:52:52 INFO  BaseTest - Browser started successfully
2026-09-15 14:52:57 INFO  BaseTest - Test PASSED: validLogoutTest
2026-09-15 14:52:57 INFO  BaseTest - Closing browser
2026-09-15 14:52:57 INFO  BaseTest - Browser closed
2026-09-15 14:52:57 INFO  BaseTest - Starting browser
2026-09-15 14:52:58 INFO  BaseTest - Browser started successfully
2026-09-15 14:53:07 INFO  BaseTest - Test PASSED: addEmployeeTest
2026-09-15 14:53:07 INFO  BaseTest - Closing browser
2026-09-15 14:53:07 INFO  BaseTest - Browser closed
2026-09-15 14:53:07 INFO  BaseTest - Starting browser
2026-09-15 14:53:08 INFO  BaseTest - Browser started successfully
2026-09-15 14:53:11 INFO  BaseTest - Test PASSED: invalidLoginTest
2026-09-15 14:53:11 INFO  BaseTest - Closing browser
2026-09-15 14:53:12 INFO  BaseTest - Browser closed
2026-09-15 14:55:34 INFO  BaseTest - Starting browser
2026-09-15 14:55:44 INFO  BaseTest - Browser started successfully
2026-09-15 14:56:58 INFO  BaseTest - Test PASSED: editEmployeeTest
2026-09-15 14:56:58 INFO  BaseTest - Closing browser
2026-09-15 14:56:59 INFO  BaseTest - Browser closed
2026-09-15 14:58:53 INFO  BaseTest - Starting browser
2026-09-15 14:58:56 INFO  BaseTest - Browser started successfully
2026-09-15 14:59:14 INFO  BaseTest - Test PASSED: searchEmployeeTest
2026-09-15 14:59:14 INFO  BaseTest - Closing browser
2026-09-15 14:59:31 INFO  BaseTest - Browser closed
2026-09-15 14:59:31 INFO  BaseTest - Starting browser
2026-09-15 14:59:32 INFO  BaseTest - Browser started successfully
2026-09-15 14:59:48 INFO  BaseTest - Test PASSED: editEmployeeTest
2026-09-15 14:59:48 INFO  BaseTest - Closing browser
2026-09-15 14:59:48 INFO  BaseTest - Browser closed
2026-09-15 14:59:48 INFO  BaseTest - Starting browser
2026-09-15 14:59:49 INFO  BaseTest - Browser started successfully
2026-09-15 14:59:53 INFO  BaseTest - Test PASSED: navigateToPIMTest
2026-09-15 14:59:53 INFO  BaseTest - Closing browser
2026-09-15 14:59:53 INFO  BaseTest - Browser closed
2026-09-15 14:59:53 INFO  BaseTest - Starting browser
2026-09-15 14:59:54 INFO  BaseTest - Browser started successfully
2026-09-15 14:59:57 INFO  BaseTest - Test PASSED: validLoginTest
2026-09-15 14:59:57 INFO  BaseTest - Closing browser
2026-09-15 14:59:57 INFO  BaseTest - Browser closed
2026-09-15 14:59:57 INFO  BaseTest - Starting browser
2026-09-15 14:59:58 INFO  BaseTest - Browser started successfully
2026-09-15 15:00:23 INFO  BaseTest - Test PASSED: deleteEmployeeTest
2026-09-15 15:00:23 INFO  BaseTest - Closing browser
2026-09-15 15:00:33 INFO  BaseTest - Browser closed
2026-09-15 15:00:33 INFO  BaseTest - Starting browser
2026-09-15 15:00:34 INFO  BaseTest - Browser started successfully
2026-09-15 15:00:39 INFO  BaseTest - Test PASSED: validLogoutTest
2026-09-15 15:00:39 INFO  BaseTest - Closing browser
2026-09-15 15:00:39 INFO  BaseTest - Browser closed
2026-09-15 15:00:39 INFO  BaseTest - Starting browser
2026-09-15 15:00:40 INFO  BaseTest - Browser started successfully
2026-09-15 15:00:50 INFO  BaseTest - Test PASSED: addEmployeeTest
2026-09-15 15:00:50 INFO  BaseTest - Closing browser
2026-09-15 15:00:50 INFO  BaseTest - Browser closed
2026-09-15 15:00:50 INFO  BaseTest - Starting browser
2026-09-15 15:00:51 INFO  BaseTest - Browser started successfully
2026-09-15 15:00:54 INFO  BaseTest - Test PASSED: invalidLoginTest
2026-09-15 15:00:54 INFO  BaseTest - Closing browser
2026-09-15 15:00:54 INFO  BaseTest - Browser closed
2026-09-15 15:28:28 INFO  BaseTest - Starting browser
2026-09-15 15:28:30 INFO  BaseTest - Browser started successfully
2026-09-15 15:28:39 INFO  BaseTest - Test PASSED: searchEmployeeTest
2026-09-15 15:28:39 INFO  BaseTest - Closing browser
2026-09-15 15:28:39 INFO  BaseTest - Browser closed
2026-09-15 15:28:39 INFO  BaseTest - Starting browser
2026-09-15 15:28:40 INFO  BaseTest - Browser started successfully
2026-09-15 15:29:11 ERROR BaseTest - Test FAILED: editEmployeeTest
2026-09-15 15:29:11 INFO  BaseTest - Closing browser
2026-09-15 15:29:22 INFO  BaseTest - Browser closed
2026-09-15 15:29:22 INFO  BaseTest - Starting browser
2026-09-15 15:29:23 INFO  BaseTest - Browser started successfully
2026-09-15 15:29:27 INFO  BaseTest - Test PASSED: navigateToPIMTest
2026-09-15 15:29:27 INFO  BaseTest - Closing browser
2026-09-15 15:29:27 INFO  BaseTest - Browser closed
2026-09-15 15:29:27 INFO  BaseTest - Starting browser
2026-09-15 15:29:28 INFO  BaseTest - Browser started successfully
2026-09-15 15:29:31 INFO  BaseTest - Test PASSED: validLoginTest
2026-09-15 15:29:31 INFO  BaseTest - Closing browser
2026-09-15 15:29:31 INFO  BaseTest - Browser closed
2026-09-15 15:29:31 INFO  BaseTest - Starting browser
2026-09-15 15:29:32 INFO  BaseTest - Browser started successfully
2026-09-15 15:29:58 ERROR BaseTest - Test FAILED: deleteEmployeeTest
2026-09-15 15:29:59 INFO  BaseTest - Closing browser
2026-09-15 15:30:08 INFO  BaseTest - Browser closed
2026-09-15 15:30:08 INFO  BaseTest - Starting browser
2026-09-15 15:30:09 INFO  BaseTest - Browser started successfully
2026-09-15 15:30:14 INFO  BaseTest - Test PASSED: validLogoutTest
2026-09-15 15:30:14 INFO  BaseTest - Closing browser
2026-09-15 15:30:14 INFO  BaseTest - Browser closed
2026-09-15 15:30:14 INFO  BaseTest - Starting browser
2026-09-15 15:30:15 INFO  BaseTest - Browser started successfully
2026-09-15 15:30:42 ERROR BaseTest - Test FAILED: addEmployeeTest
2026-09-15 15:30:42 INFO  BaseTest - Closing browser
2026-09-15 15:30:50 INFO  BaseTest - Browser closed
2026-09-15 15:30:50 INFO  BaseTest - Starting browser
2026-09-15 15:30:51 INFO  BaseTest - Browser started successfully
2026-09-15 15:30:54 INFO  BaseTest - Test PASSED: invalidLoginTest
2026-09-15 15:30:54 INFO  BaseTest - Closing browser
2026-09-15 15:30:54 INFO  BaseTest - Browser closed
2026-09-17 13:49:26 INFO  BaseTest - Starting browser
2026-09-17 13:49:38 INFO  BaseTest - Browser started successfully
2026-09-17 13:50:37 INFO  BaseTest - Test PASSED: addEmployeeTest
2026-09-17 13:50:37 INFO  BaseTest - Closing browser
2026-09-17 13:50:38 INFO  BaseTest - Browser closed
2026-09-17 13:52:13 INFO  BaseTest - Starting browser
2026-09-17 13:52:21 INFO  BaseTest - Browser started successfully
2026-09-17 13:53:34 ERROR BaseTest - Test FAILED: deleteEmployeeTest
2026-09-17 13:53:35 INFO  BaseTest - Closing browser
2026-09-17 13:53:35 INFO  BaseTest - Browser closed
2026-09-17 14:11:32 INFO  BaseTest - Starting browser
2026-09-17 14:11:42 INFO  BaseTest - Browser started successfully
2026-09-17 14:12:55 ERROR BaseTest - Test FAILED: deleteEmployeeTest
2026-09-17 14:12:55 INFO  BaseTest - Closing browser
2026-09-17 14:12:56 INFO  BaseTest - Browser closed
2026-09-17 14:13:13 INFO  BaseTest - Starting browser
2026-09-17 14:13:22 INFO  BaseTest - Browser started successfully
2026-09-17 14:14:34 ERROR BaseTest - Test FAILED: deleteEmployeeTest
2026-09-17 14:14:35 INFO  BaseTest - Closing browser
2026-09-17 14:14:35 INFO  BaseTest - Browser closed
2026-09-17 14:19:39 INFO  BaseTest - Starting browser
2026-09-17 14:19:42 INFO  BaseTest - Starting browser
2026-09-17 14:19:42 INFO  BaseTest - Starting browser
2026-09-17 14:19:43 INFO  BaseTest - Starting browser
2026-09-17 14:19:59 INFO  BaseTest - Browser started successfully
2026-09-17 14:19:59 INFO  BaseTest - Browser started successfully
2026-09-17 14:20:00 INFO  BaseTest - Browser started successfully
2026-09-17 14:20:00 ERROR BaseTest - Test FAILED: deleteEmployeeTest
2026-09-17 14:20:00 INFO  BaseTest - Browser started successfully
2026-09-17 14:20:00 ERROR BaseTest - Test FAILED: deleteEmployeeTest
2026-09-17 14:20:00 ERROR BaseTest - Test FAILED: deleteEmployeeTest
2026-09-17 14:21:19 ERROR BaseTest - Test FAILED: deleteEmployeeTest
2026-09-17 14:21:19 INFO  BaseTest - Closing browser
2026-09-17 14:23:59 INFO  BaseTest - Starting browser
2026-09-17 14:24:07 INFO  BaseTest - Browser started successfully
2026-09-17 14:25:20 ERROR BaseTest - Test FAILED: deleteEmployeeTest
2026-09-17 14:25:21 INFO  BaseTest - Closing browser
2026-09-17 14:25:21 INFO  BaseTest - Browser closed
2026-09-17 14:30:42 INFO  BaseTest - Starting browser
2026-09-17 14:30:51 INFO  BaseTest - Browser started successfully
2026-09-17 14:32:03 ERROR BaseTest - Test FAILED: deleteEmployeeTest
2026-09-17 14:32:03 INFO  BaseTest - Closing browser
2026-09-17 14:32:03 INFO  BaseTest - Browser closed
2026-09-17 14:49:20 INFO  BaseTest - Starting browser
2026-09-17 14:49:29 INFO  BaseTest - Browser started successfully
2026-09-17 14:50:59 INFO  BaseTest - Test PASSED: deleteEmployeeTest
2026-09-17 14:50:59 INFO  BaseTest - Closing browser
2026-09-17 14:50:59 INFO  BaseTest - Browser closed
2026-09-17 14:53:44 INFO  BaseTest - Starting browser
2026-09-17 14:53:47 INFO  BaseTest - Browser started successfully
2026-09-17 14:54:20 ERROR BaseTest - Test FAILED: searchEmployeeTest
2026-09-17 14:54:20 INFO  BaseTest - Closing browser
2026-09-17 14:54:22 INFO  BaseTest - Browser closed
2026-09-17 14:54:22 INFO  BaseTest - Starting browser
2026-09-17 14:54:23 INFO  BaseTest - Browser started successfully
2026-09-17 14:54:38 INFO  BaseTest - Test PASSED: editEmployeeTest
2026-09-17 14:54:38 INFO  BaseTest - Closing browser
2026-09-17 14:54:38 INFO  BaseTest - Browser closed
2026-09-17 14:54:38 INFO  BaseTest - Starting browser
2026-09-17 14:54:39 INFO  BaseTest - Browser started successfully
2026-09-17 14:54:43 INFO  BaseTest - Test PASSED: navigateToPIMTest
2026-09-17 14:54:43 INFO  BaseTest - Closing browser
2026-09-17 14:54:44 INFO  BaseTest - Browser closed
2026-09-17 14:54:44 INFO  BaseTest - Starting browser
2026-09-17 14:54:45 INFO  BaseTest - Browser started successfully
2026-09-17 14:54:47 INFO  BaseTest - Test PASSED: validLoginTest
2026-09-17 14:54:47 INFO  BaseTest - Closing browser
2026-09-17 14:54:48 INFO  BaseTest - Browser closed
2026-09-17 14:54:48 INFO  BaseTest - Starting browser
2026-09-17 14:54:48 INFO  BaseTest - Browser started successfully
2026-09-17 14:55:15 INFO  BaseTest - Test PASSED: deleteEmployeeTest
2026-09-17 14:55:15 INFO  BaseTest - Closing browser
2026-09-17 14:55:24 INFO  BaseTest - Browser closed
2026-09-17 14:55:24 INFO  BaseTest - Starting browser
2026-09-17 14:55:25 INFO  BaseTest - Browser started successfully
2026-09-17 14:55:30 INFO  BaseTest - Test PASSED: validLogoutTest
2026-09-17 14:55:30 INFO  BaseTest - Closing browser
2026-09-17 14:55:30 INFO  BaseTest - Browser closed
2026-09-17 14:55:30 INFO  BaseTest - Starting browser
2026-09-17 14:55:31 INFO  BaseTest - Browser started successfully
2026-09-17 14:55:41 INFO  BaseTest - Test PASSED: addEmployeeTest
2026-09-17 14:55:41 INFO  BaseTest - Closing browser
2026-09-17 14:55:41 INFO  BaseTest - Browser closed
2026-09-17 14:55:41 INFO  BaseTest - Starting browser
2026-09-17 14:55:42 INFO  BaseTest - Browser started successfully
2026-09-17 14:55:45 INFO  BaseTest - Test PASSED: invalidLoginTest
2026-09-17 14:55:45 INFO  BaseTest - Closing browser
2026-09-17 14:55:45 INFO  BaseTest - Browser closed
2026-09-17 15:08:43 INFO  BaseTest - Starting browser
2026-09-17 15:08:52 INFO  BaseTest - Browser started successfully
2026-09-17 15:10:08 INFO  BaseTest - Test PASSED: searchEmployeeTest
2026-09-17 15:10:08 INFO  BaseTest - Closing browser
2026-09-17 15:10:08 INFO  BaseTest - Browser closed
2026-09-17 15:11:03 INFO  BaseTest - Starting browser
2026-09-17 15:11:12 INFO  BaseTest - Browser started successfully
2026-09-17 15:12:22 INFO  BaseTest - Test PASSED: searchEmployeeTest
2026-09-17 15:12:22 INFO  BaseTest - Closing browser
2026-09-17 15:12:22 INFO  BaseTest - Browser closed
2026-09-17 15:12:22 INFO  BaseTest - Starting browser
2026-09-17 15:12:29 INFO  BaseTest - Browser started successfully
2026-09-17 15:13:44 INFO  BaseTest - Test PASSED: editEmployeeTest
2026-09-17 15:13:44 INFO  BaseTest - Closing browser
2026-09-17 15:13:44 INFO  BaseTest - Browser closed
2026-09-17 15:13:44 INFO  BaseTest - Starting browser
2026-09-17 15:13:51 INFO  BaseTest - Browser started successfully
2026-09-17 15:14:28 INFO  BaseTest - Test PASSED: navigateToPIMTest
2026-09-17 15:14:28 INFO  BaseTest - Closing browser
2026-09-17 15:14:28 INFO  BaseTest - Browser closed
2026-09-17 15:14:28 INFO  BaseTest - Starting browser
2026-09-17 15:14:35 INFO  BaseTest - Browser started successfully
2026-09-17 15:14:51 INFO  BaseTest - Test PASSED: validLoginTest
2026-09-17 15:14:51 INFO  BaseTest - Closing browser
2026-09-17 15:15:06 INFO  BaseTest - Browser closed
2026-09-17 15:15:06 INFO  BaseTest - Starting browser
2026-09-17 15:15:12 INFO  BaseTest - Browser started successfully
2026-09-17 15:16:41 INFO  BaseTest - Test PASSED: deleteEmployeeTest
2026-09-17 15:16:41 INFO  BaseTest - Closing browser
2026-09-17 15:16:41 INFO  BaseTest - Browser closed
2026-09-17 15:16:41 INFO  BaseTest - Starting browser
2026-09-17 15:16:49 INFO  BaseTest - Browser started successfully
2026-09-17 15:17:28 INFO  BaseTest - Test PASSED: validLogoutTest
2026-09-17 15:17:28 INFO  BaseTest - Closing browser
2026-09-17 15:17:28 INFO  BaseTest - Browser closed
2026-09-17 15:17:28 INFO  BaseTest - Starting browser
2026-09-17 15:17:36 INFO  BaseTest - Browser started successfully
2026-09-17 15:18:34 INFO  BaseTest - Test PASSED: addEmployeeTest
2026-09-17 15:18:34 INFO  BaseTest - Closing browser
2026-09-17 15:18:34 INFO  BaseTest - Browser closed
2026-09-17 15:18:34 INFO  BaseTest - Starting browser
2026-09-17 15:18:42 INFO  BaseTest - Browser started successfully
2026-09-17 15:19:07 INFO  BaseTest - Test PASSED: invalidLoginTest
2026-09-17 15:19:07 INFO  BaseTest - Closing browser
2026-09-17 15:19:13 INFO  BaseTest - Browser closed
2026-09-17 15:20:31 INFO  BaseTest - Starting browser
2026-09-17 15:20:34 INFO  BaseTest - Browser started successfully
2026-09-17 15:20:48 INFO  BaseTest - Test PASSED: searchEmployeeTest
2026-09-17 15:20:48 INFO  BaseTest - Closing browser
2026-09-17 15:20:48 INFO  BaseTest - Browser closed
2026-09-17 15:20:48 INFO  BaseTest - Starting browser
2026-09-17 15:20:49 INFO  BaseTest - Browser started successfully
2026-09-17 15:21:04 INFO  BaseTest - Test PASSED: editEmployeeTest
2026-09-17 15:21:04 INFO  BaseTest - Closing browser
2026-09-17 15:21:04 INFO  BaseTest - Browser closed
2026-09-17 15:21:04 INFO  BaseTest - Starting browser
2026-09-17 15:21:05 INFO  BaseTest - Browser started successfully
2026-09-17 15:21:09 INFO  BaseTest - Test PASSED: navigateToPIMTest
2026-09-17 15:21:09 INFO  BaseTest - Closing browser
2026-09-17 15:21:09 INFO  BaseTest - Browser closed
2026-09-17 15:21:09 INFO  BaseTest - Starting browser
2026-09-17 15:21:10 INFO  BaseTest - Browser started successfully
2026-09-17 15:21:13 INFO  BaseTest - Test PASSED: validLoginTest
2026-09-17 15:21:13 INFO  BaseTest - Closing browser
2026-09-17 15:21:13 INFO  BaseTest - Browser closed
2026-09-17 15:21:13 INFO  BaseTest - Starting browser
2026-09-17 15:21:14 INFO  BaseTest - Browser started successfully
2026-09-17 15:21:40 INFO  BaseTest - Test PASSED: deleteEmployeeTest
2026-09-17 15:21:40 INFO  BaseTest - Closing browser
2026-09-17 15:21:49 INFO  BaseTest - Browser closed
2026-09-17 15:21:49 INFO  BaseTest - Starting browser
2026-09-17 15:21:50 INFO  BaseTest - Browser started successfully
2026-09-17 15:21:54 INFO  BaseTest - Test PASSED: validLogoutTest
2026-09-17 15:21:54 INFO  BaseTest - Closing browser
2026-09-17 15:21:55 INFO  BaseTest - Browser closed
2026-09-17 15:21:55 INFO  BaseTest - Starting browser
2026-09-17 15:21:55 INFO  BaseTest - Browser started successfully
2026-09-17 15:22:05 INFO  BaseTest - Test PASSED: addEmployeeTest
2026-09-17 15:22:05 INFO  BaseTest - Closing browser
2026-09-17 15:22:05 INFO  BaseTest - Browser closed
2026-09-17 15:22:05 INFO  BaseTest - Starting browser
2026-09-17 15:22:06 INFO  BaseTest - Browser started successfully
2026-09-17 15:22:09 INFO  BaseTest - Test PASSED: invalidLoginTest
2026-09-17 15:22:09 INFO  BaseTest - Closing browser
2026-09-17 15:22:09 INFO  BaseTest - Browser closed
